6:3: name caMel is not of style caps_underscore
7:3: name Pascal is not of style caps_underscore
8:3: name under_score is not of style caps_underscore
34:3: name caMel is not of style caps_underscore
35:3: name Pascal is not of style caps_underscore
36:3: name under_score is not of style caps_underscore
