1:10: name camelStyle is not of style underscore
2:10: name PascalStyle is not of style underscore
4:10: name CAPS_UNDERSCORE_STYLE is not of style underscore
13:11: name oCamel is not of style underscore
14:11: name PascalMe is not of style underscore
16:11: name CAPS_UN_SCO is not of style underscore
